[fullmercaddolivre.online/quiz/1/index.html]
[backblue.gif]
[fade.gif]
[index.html]
[cdn.utmify.com.br/scripts/utms/latest.js]
[fullmercaddolivre.online/quiz/1/css/lPrdKU48B8fJ.css]
[fullmercaddolivre.online/quiz/1/css/ABCRvFZhK6HX.css]
[fullmercaddolivre.online/quiz/1/css/SPPxd0WnNdiI.css]
[fullmercaddolivre.online/quiz/1/css/79piPJyqtSuz.css]
[fullmercaddolivre.online/quiz/1/css/hQG6cc1DjbMf.css]
[fullmercaddolivre.online/quiz/1/css/GHoEPU6EXPVQ.css]
[fullmercaddolivre.online/quiz/1/css/HscAVloRRlwq.css]
[fullmercaddolivre.online/quiz/1/css/cB2pjTZsyctU.css]
[fullmercaddolivre.online/quiz/1/css/O0LfklxFXSUH.css]
[fullmercaddolivre.online/quiz/1/css/h9bPCgLgTs4K.css]
[fullmercaddolivre.online/quiz/1/css/1S2zkRufOjhw.css]
[fullmercaddolivre.online/quiz/1/js/x133wQlZCfs8.js]
[fullmercaddolivre.online/quiz/1/js/vhtXLRZFWXcv.js]
[fullmercaddolivre.online/quiz/1/images/GfDQCtcq6q7j.webp]
[fullmercaddolivre.online/quiz/1/images/Ms2DDlAwqaWq.webp]
[fullmercaddolivre.online/quiz/1/images/GCPINKdyQbc6.webp]
[fullmercaddolivre.online/quiz/1/js/rtbjFgDPqxq9.js]
[fullmercaddolivre.online/quiz/1/images/DUbEAkBkPOGB.webp]
[fullmercaddolivre.online/quiz/1/images/BpoKLZIpBtj3.png]
[fullmercaddolivre.online/quiz/1/css/vZg3bHTbkPl6.css]
[fullmercaddolivre.online/quiz/1/images/jyp0sMVszlkx.webp]
[fullmercaddolivre.online/quiz/1/media/fMCf77TKc4Do.mp3]
[fullmercaddolivre.online/quiz/1/js/3ohnmK2fgrN1.js]
[raspadinhadoml.com/wp-content/uploads/2024/08/download-9.png]
[fullmercaddolivre.online/quiz/1/js/kIK5tk6VjFVF.js]
[fullmercaddolivre.online/quiz/1/js/7ysCSqG1hKna.js]
[fullmercaddolivre.online/quiz/1/js/cNpIlO7GqPyx.js]
[fullmercaddolivre.online/quiz/1/js/3JLG36f5LREg.js]
[fullmercaddolivre.online/quiz/1/js/XT8ZIiqJQJ3H.js]
[fullmercaddolivre.online/quiz/1/js/248Zj5h3zfm3.js]
[fullmercaddolivre.online/quiz/1/js/vanqUwNwoqWH.js]
[fullmercaddolivre.online/quiz/1/js/QHY5GBR0JuJn.js]
[fullmercaddolivre.online/quiz/1/js/sByVAsD4mHuQ.js]
[fullmercaddolivre.online/quiz/1/js/6ezHBbBNl28D.js]
[fullmercaddolivre.online/quiz/1/js/l7axXmME8G81.js]
[fullmercaddolivre.online/quiz/1/index.html]
[fullmercaddolivre.online/quiz/1/css/lPrdKU48B8fJ.css]
[fullmercaddolivre.online/quiz/1/css/ABCRvFZhK6HX.css]
[fullmercaddolivre.online/quiz/1/css/SPPxd0WnNdiI.css]
[fullmercaddolivre.online/quiz/1/css/79piPJyqtSuz.css]
[fullmercaddolivre.online/quiz/1/css/hQG6cc1DjbMf.css]
[fullmercaddolivre.online/quiz/1/css/GHoEPU6EXPVQ.css]
[fullmercaddolivre.online/quiz/1/css/HscAVloRRlwq.css]
[fullmercaddolivre.online/quiz/1/css/cB2pjTZsyctU.css]
[fullmercaddolivre.online/quiz/1/css/O0LfklxFXSUH.css]
[fullmercaddolivre.online/quiz/1/js/oUO2jv3e2c2q.js]
[fullmercaddolivre.online/quiz/1/fonts/9LjWjA4zJKnB.woff2]
[fullmercaddolivre.online/quiz/1/fonts/JYAUfEUlIGzY.woff]
[fullmercaddolivre.online/quiz/1/css/h9bPCgLgTs4K.css]
[fullmercaddolivre.online/quiz/1/images/ybBMZTxSVYAK.svg]
[fullmercaddolivre.online/quiz/1/fonts/OD1LabwvAMYf.eot]
[fullmercaddolivre.online/quiz/1/fonts/o6hTqd5nsPxK.eot]
[fullmercaddolivre.online/quiz/1/fonts/krYhby07zmbk.woff2]
[fullmercaddolivre.online/quiz/1/fonts/9INm6PAn4dFu.woff]
[fullmercaddolivre.online/quiz/1/fonts/ZjdICABnKu8V.ttf]
[fullmercaddolivre.online/quiz/1/css/1S2zkRufOjhw.css]
[fullmercaddolivre.online/quiz/1/js/x133wQlZCfs8.js]
[fullmercaddolivre.online/quiz/1/js/vhtXLRZFWXcv.js]
[fullmercaddolivre.online/quiz/1/js/rtbjFgDPqxq9.js]
[fullmercaddolivre.online/quiz/1/css/vZg3bHTbkPl6.css]
[fullmercaddolivre.online/quiz/1/js/3ohnmK2fgrN1.js]
[fullmercaddolivre.online/quiz/1/js/kIK5tk6VjFVF.js]
[fullmercaddolivre.online/quiz/1/js/7ysCSqG1hKna.js]
[fullmercaddolivre.online/quiz/1/js/cNpIlO7GqPyx.js]
[fullmercaddolivre.online/quiz/1/js/3JLG36f5LREg.js]
[fullmercaddolivre.online/quiz/1/js/XT8ZIiqJQJ3H.js]
[fullmercaddolivre.online/quiz/1/js/248Zj5h3zfm3.js]
[fullmercaddolivre.online/quiz/1/js/vanqUwNwoqWH.js]
[fullmercaddolivre.online/quiz/1/js/QHY5GBR0JuJn.js]
[fullmercaddolivre.online/quiz/1/js/sByVAsD4mHuQ.js]
[fullmercaddolivre.online/quiz/1/js/6ezHBbBNl28D.js]
[fullmercaddolivre.online/quiz/1/images/xuCGnmsPgTzl.svg]
[fullmercaddolivre.online/quiz/1/-negative.svg]
[fullmercaddolivre.online/quiz/1/js/l7axXmME8G81.js]
[fullmercaddolivre.online/quiz/1/OPR/index.html]
[fullmercaddolivre.online/quiz/1/window.location.href]
[fullmercaddolivre.online/quiz/1/js/oUO2jv3e2c2q.js]
[fullmercaddolivre.online/quiz/1/images/ybBMZTxSVYAK.svg]
[fullmercaddolivre.online/quiz/1/images/xuCGnmsPgTzl.svg]
[fullmercaddolivre.online/quiz/1/-negative.html]
[fullmercaddolivre.online/quiz/1/OPR/index.html]
[fullmercaddolivre.online/quiz/1/window.location.html]
